// Jest Snapshot v1, https://goo.gl/fbAQLP

exports[`VaCheckbox default 1`] = `
<div class="va-checkbox">
  <div class="va-checkbox__input-container">
    <div class="va-checkbox__square"><input id="" readonly="readonly" class="va-checkbox__input">
      <va-icon-stub color="" size="medium" name="check" rotation="" tag="i" class="va-checkbox__icon-selected"></va-icon-stub>
    </div>
    <div class="va-checkbox__label-text">

    </div>
  </div>
  <va-message-list-stub color="danger" value="" limit="1" class="va-checkbox__error-message-container"></va-message-list-stub>
</div>
`;

exports[`VaCheckbox true value 1`] = `
<div class="va-checkbox va-checkbox--selected">
  <div class="va-checkbox__input-container">
    <div class="va-checkbox__square active"><input id="" readonly="readonly" class="va-checkbox__input" style="background: rgb(35, 224, 102);">
      <va-icon-stub color="" size="medium" name="check" rotation="" tag="i" class="va-checkbox__icon-selected"></va-icon-stub>
    </div>
    <div class="va-checkbox__label-text">

    </div>
  </div>
  <va-message-list-stub color="danger" value="" limit="1" class="va-checkbox__error-message-container"></va-message-list-stub>
</div>
`;
