// Jest Snapshot v1, https://goo.gl/fbAQLP

exports[`VaButton a button with defined href and target 1`] = `
<a type="button" href="http://epic-spinners.epicmax.co/" target="_blank" tabindex="0" class="va-button va-button--default va-button--without-title va-button--normal" style="color: rgb(255, 255, 255); box-shadow: 0 0.125rem 0.19rem 0 rgba(64, 229,131, 0.4);">
  <div class="va-button__content">
    <!---->
    <!---->
    <!---->
  </div>
</a>
`;

exports[`VaButton button with both icons 1`] = `
<button type="button" href="" target="" tabindex="0" class="va-button va-button--default va-button--without-title va-button--with-left-icon va-button--with-right-icon va-button--normal" style="color: rgb(255, 255, 255); box-shadow: 0 0.125rem 0.19rem 0 rgba(64, 229,131, 0.4);">
  <div class="va-button__content">
    <va-icon-stub color="" size="medium" name="clear" fixedwidth="true" rotation="" tag="i" class="va-button__content__icon va-button__content__icon-left"></va-icon-stub>
    <!---->
    <va-icon-stub color="" size="medium" name="create" fixedwidth="true" rotation="" tag="i" class="va-button__content__icon va-button__content__icon-right"></va-icon-stub>
  </div>
</button>
`;

exports[`VaButton disabled button 1`] = `
<button disabled="disabled" type="button" href="" target="" tabindex="0" class="va-button va-button--disabled va-button--without-title va-button--normal" style="color: rgb(255, 255, 255); box-shadow: 0 0.125rem 0.19rem 0 rgba(64, 229,131, 0.4);">
  <div class="va-button__content">
    <!---->
    <!---->
    <!---->
  </div>
</button>
`;

exports[`VaButton large button 1`] = `
<button type="button" href="" target="" tabindex="0" class="va-button va-button--default va-button--without-title va-button--large" style="color: rgb(255, 255, 255); box-shadow: 0 0.125rem 0.19rem 0 rgba(64, 229,131, 0.4);">
  <div class="va-button__content">
    <!---->
    <!---->
    <!---->
  </div>
</button>
`;

exports[`VaButton router-link button with defined to and active class properties 1`] = `
<a type="button" href="" target="" tabindex="0" class="va-button va-button--default va-button--without-title va-button--normal" style="color: rgb(255, 255, 255); box-shadow: 0 0.125rem 0.19rem 0 rgba(64, 229,131, 0.4);">
  <div class="va-button__content">
    <!---->
    <!---->
    <!---->
  </div>
</a>
`;

exports[`VaButton router-link button with defined to property 1`] = `
<a type="button" href="" target="" tabindex="0" class="va-button va-button--default va-button--without-title va-button--normal" style="color: rgb(255, 255, 255); box-shadow: 0 0.125rem 0.19rem 0 rgba(64, 229,131, 0.4);">
  <div class="va-button__content">
    <!---->
    <!---->
    <!---->
  </div>
</a>
`;

exports[`VaButton small button 1`] = `
<button type="button" href="" target="" tabindex="0" class="va-button va-button--default va-button--without-title va-button--small" style="color: rgb(255, 255, 255); box-shadow: 0 0.125rem 0.19rem 0 rgba(64, 229,131, 0.4);">
  <div class="va-button__content">
    <!---->
    <!---->
    <!---->
  </div>
</button>
`;
